Archive member included because of file (symbol)

c:/program files (x86)/atmel/studio/7.0/toolchain/avr32/avr32-gnu-toolchain/bin/../lib/gcc/avr32/4.4.7/ucr2\libgcc.a(_lshrdi3.o)
                              src/asf/avr32/drivers/flashc/flashc.o (__avr32_lsr64)
c:/program files (x86)/atmel/studio/7.0/toolchain/avr32/avr32-gnu-toolchain/bin/../lib/gcc/avr32/4.4.7/ucr2\libgcc.a(_ashldi3.o)
                              src/asf/avr32/drivers/flashc/flashc.o (__avr32_lsl64)
c:/program files (x86)/atmel/studio/7.0/toolchain/avr32/avr32-gnu-toolchain/bin/../lib/gcc/avr32/4.4.7/ucr2\libgcc.a(_udivdi3.o)
                              src/asf/avr32/services/delay/delay.o (__avr32_udiv64)
c:/program files (x86)/atmel/studio/7.0/toolchain/avr32/avr32-gnu-toolchain/bin/../lib/gcc/avr32/4.4.7/../../../../avr32/lib/ucr2\libc.a(lib_a-memcpy.o)
                              src/asf/common/services/usb/class/cdc/device/udi_cdc.o (memcpy)

Allocating common symbols
Common symbol       size              file

ptr_get             0x4               src/asf/common/utils/stdio/read.o
ptr_put             0x4               src/asf/common/utils/stdio/write.o
udd_g_ctrlreq       0x18              src/asf/avr32/drivers/usbb/usbb_device.o
stdio_base          0x4               src/asf/common/utils/stdio/write.o
sleepmgr_locks      0x7               src/asf/common/services/sleepmgr/uc3/sleepmgr.o

Discarded input sections

 .text          0x00000000        0x0 src/asf/avr32/boards/uc3_a3_xplained/init.o
 .data          0x00000000        0x0 src/asf/avr32/boards/uc3_a3_xplained/init.o
 .bss           0x00000000        0x0 src/asf/avr32/boards/uc3_a3_xplained/init.o
 .text          0x00000000        0x0 src/asf/avr32/boards/uc3_a3_xplained/led.o
 .data          0x00000000        0x0 src/asf/avr32/boards/uc3_a3_xplained/led.o
 .bss           0x00000000        0x0 src/asf/avr32/boards/uc3_a3_xplained/led.o
 .debug_abbrev  0x00000000      0x209 src/asf/avr32/boards/uc3_a3_xplained/led.o
 .debug_info    0x00000000      0x754 src/asf/avr32/boards/uc3_a3_xplained/led.o
 .debug_line    0x00000000      0x94a src/asf/avr32/boards/uc3_a3_xplained/led.o
 .debug_macinfo
                0x00000000   0x1145d1 src/asf/avr32/boards/uc3_a3_xplained/led.o
 .text.LED_Read_Display
                0x00000000        0xc src/asf/avr32/boards/uc3_a3_xplained/led.o
 .text.LED_Display
                0x00000000       0x48 src/asf/avr32/boards/uc3_a3_xplained/led.o
 .text.LED_Read_Display_Mask
                0x00000000        0xc src/asf/avr32/boards/uc3_a3_xplained/led.o
 .text.LED_Test
                0x00000000       0x10 src/asf/avr32/boards/uc3_a3_xplained/led.o
 .text.LED_Get_Intensity
                0x00000000        0x2 src/asf/avr32/boards/uc3_a3_xplained/led.o
 .text.LED_Set_Intensity
                0x00000000        0x2 src/asf/avr32/boards/uc3_a3_xplained/led.o
 .text.LED_Read_Display_Field
                0x00000000       0x18 src/asf/avr32/boards/uc3_a3_xplained/led.o
 .text.LED_Toggle
                0x00000000       0x4c src/asf/avr32/boards/uc3_a3_xplained/led.o
 .text.LED_On   0x00000000       0x4c src/asf/avr32/boards/uc3_a3_xplained/led.o
 .text.LED_Off  0x00000000       0x50 src/asf/avr32/boards/uc3_a3_xplained/led.o
 .text.LED_Display_Mask
                0x00000000       0x6c src/asf/avr32/boards/uc3_a3_xplained/led.o
 .text.LED_Display_Field
                0x00000000       0x18 src/asf/avr32/boards/uc3_a3_xplained/led.o
 .data.LED_State
                0x00000000        0x4 src/asf/avr32/boards/uc3_a3_xplained/led.o
 .rodata.LED_DESCRIPTOR
                0x00000000       0x40 src/asf/avr32/boards/uc3_a3_xplained/led.o
 .debug_frame   0x00000000       0xf4 src/asf/avr32/boards/uc3_a3_xplained/led.o
 .debug_loc     0x00000000      0x1bc src/asf/avr32/boards/uc3_a3_xplained/led.o
 .debug_pubnames
                0x00000000       0xf6 src/asf/avr32/boards/uc3_a3_xplained/led.o
 .debug_aranges
                0x00000000       0x78 src/asf/avr32/boards/uc3_a3_xplained/led.o
 .debug_ranges  0x00000000       0x70 src/asf/avr32/boards/uc3_a3_xplained/led.o
 .debug_str     0x00000000      0x384 src/asf/avr32/boards/uc3_a3_xplained/led.o
 .comment       0x00000000       0x31 src/asf/avr32/boards/uc3_a3_xplained/led.o
 .text          0x00000000        0x0 src/asf/avr32/drivers/flashc/flashc.o
 .data          0x00000000        0x0 src/asf/avr32/drivers/flashc/flashc.o
 .bss           0x00000000        0x0 src/asf/avr32/drivers/flashc/flashc.o
 .text.flashc_get_flash_size
                0x00000000       0x18 src/asf/avr32/drivers/flashc/flashc.o
 .text.flashc_get_page_count
                0x00000000       0x18 src/asf/avr32/drivers/flashc/flashc.o
 .text.flashc_get_page_count_per_region
                0x00000000       0x18 src/asf/avr32/drivers/flashc/flashc.o
 .text.flashc_get_page_region
                0x00000000       0x24 src/asf/avr32/drivers/flashc/flashc.o
 .text.flashc_get_region_first_page_number
                0x00000000       0x10 src/asf/avr32/drivers/flashc/flashc.o
 .text.flashc_get_wait_state
                0x00000000        0xc src/asf/avr32/drivers/flashc/flashc.o
 .text.flashc_set_wait_state
                0x00000000        0xe src/asf/avr32/drivers/flashc/flashc.o
 .text.flashc_is_ready_int_enabled
                0x00000000        0xc src/asf/avr32/drivers/flashc/flashc.o
 .text.flashc_enable_ready_int
                0x00000000        0xe src/asf/avr32/drivers/flashc/flashc.o
 .text.flashc_is_lock_error_int_enabled
                0x00000000        0xc src/asf/avr32/drivers/flashc/flashc.o
 .text.flashc_enable_lock_error_int
                0x00000000        0xe src/asf/avr32/drivers/flashc/flashc.o
 .text.flashc_is_prog_error_int_enabled
                0x00000000        0xc src/asf/avr32/drivers/flashc/flashc.o
 .text.flashc_enable_prog_error_int
                0x00000000        0xe src/asf/avr32/drivers/flashc/flashc.o
 .text.flashc_is_ready
                0x00000000        0xc src/asf/avr32/drivers/flashc/flashc.o
 .text.flashc_default_wait_until_ready
                0x00000000       0x14 src/asf/avr32/drivers/flashc/flashc.o
 .text.flashc_is_lock_error
                0x00000000       0x10 src/asf/avr32/drivers/flashc/flashc.o
 .text.flashc_is_programming_error
                0x00000000       0x10 src/asf/avr32/drivers/flashc/flashc.o
 .text.flashc_get_command
                0x00000000        0xc src/asf/avr32/drivers/flashc/flashc.o
 .text.flashc_get_page_number
                0x00000000        0xc src/asf/avr32/drivers/flashc/flashc.o
 .text.flashc_issue_command
                0x00000000       0x44 src/asf/avr32/drivers/flashc/flashc.o
 .text.flashc_no_operation
                0x00000000       0x10 src/asf/avr32/drivers/flashc/flashc.o
 .text.flashc_erase_all
                0x00000000       0x10 src/asf/avr32/drivers/flashc/flashc.o
 .text.flashc_is_security_bit_active
                0x00000000        0xc src/asf/avr32/drivers/flashc/flashc.o
 .text.flashc_activate_security_bit
                0x00000000       0x10 src/asf/avr32/drivers/flashc/flashc.o
 .text.flashc_get_bootloader_protected_size
                0x00000000       0x60 src/asf/avr32/drivers/flashc/flashc.o
 .text.flashc_is_external_privileged_fetch_locked
                0x00000000       0x20 src/asf/avr32/drivers/flashc/flashc.o
 .text.flashc_is_page_region_locked
                0x00000000       0x24 src/asf/avr32/drivers/flashc/flashc.o
 .text.flashc_is_region_locked
                0x00000000       0x18 src/asf/avr32/drivers/flashc/flashc.o
 .text.flashc_lock_page_region
                0x00000000       0x1c src/asf/avr32/drivers/flashc/flashc.o
 .text.flashc_lock_region
                0x00000000       0x20 src/asf/avr32/drivers/flashc/flashc.o
 .text.flashc_lock_all_regions
                0x00000000       0x2c src/asf/avr32/drivers/flashc/flashc.o
 .text.flashc_read_gp_fuse_bit
                0x00000000       0x28 src/asf/avr32/drivers/flashc/flashc.o
 .text.flashc_read_gp_fuse_bitfield
                0x00000000       0x50 src/asf/avr32/drivers/flashc/flashc.o
 .text.flashc_read_gp_fuse_byte
                0x00000000       0x2c src/asf/avr32/drivers/flashc/flashc.o
 .text.flashc_read_all_gp_fuses
                0x00000000       0x20 src/asf/avr32/drivers/flashc/flashc.o
 .text.flashc_erase_gp_fuse_bit
                0x00000000       0x40 src/asf/avr32/drivers/flashc/flashc.o
 .text.flashc_erase_gp_fuse_bitfield
                0x00000000       0xa0 src/asf/avr32/drivers/flashc/flashc.o
 .text.flashc_erase_all_gp_fuses
                0x00000000       0x34 src/asf/avr32/drivers/flashc/flashc.o
 .text.flashc_write_gp_fuse_bit
                0x00000000       0x18 src/asf/avr32/drivers/flashc/flashc.o
 .text.flashc_write_gp_fuse_bitfield
                0x00000000       0x44 src/asf/avr32/drivers/flashc/flashc.o
 .text.flashc_write_gp_fuse_byte
                0x00000000       0x18 src/asf/avr32/drivers/flashc/flashc.o
 .text.flashc_erase_gp_fuse_byte
                0x00000000       0x94 src/asf/avr32/drivers/flashc/flashc.o
 .text.flashc_write_all_gp_fuses
                0x00000000       0x38 src/asf/avr32/drivers/flashc/flashc.o
 .text.flashc_set_gp_fuse_bit
                0x00000000       0x1c src/asf/avr32/drivers/flashc/flashc.o
 .text.flashc_lock_external_privileged_fetch
                0x00000000       0x18 src/asf/avr32/drivers/flashc/flashc.o
 .text.flashc_set_gp_fuse_bitfield
                0x00000000       0x44 src/asf/avr32/drivers/flashc/flashc.o
 .text.flashc_set_gp_fuse_byte
                0x00000000       0x4c src/asf/avr32/drivers/flashc/flashc.o
 .text.flashc_set_all_gp_fuses
                0x00000000       0x50 src/asf/avr32/drivers/flashc/flashc.o
 .text.flashc_clear_page_buffer
                0x00000000       0x10 src/asf/avr32/drivers/flashc/flashc.o
 .text.flashc_is_page_erased
                0x00000000        0xc src/asf/avr32/drivers/flashc/flashc.o
 .text.flashc_quick_page_read
                0x00000000       0x1c src/asf/avr32/drivers/flashc/flashc.o
 .text.flashc_erase_page
                0x00000000       0x34 src/asf/avr32/drivers/flashc/flashc.o
 .text.flashc_erase_all_pages
                0x00000000       0x48 src/asf/avr32/drivers/flashc/flashc.o
 .text.flashc_write_page
                0x00000000       0x10 src/asf/avr32/drivers/flashc/flashc.o
 .text.flashc_quick_user_page_read
                0x00000000       0x1c src/asf/avr32/drivers/flashc/flashc.o
 .text.flashc_erase_user_page
                0x00000000       0x20 src/asf/avr32/drivers/flashc/flashc.o
 .text.flashc_write_user_page
                0x00000000       0x10 src/asf/avr32/drivers/flashc/flashc.o
 .text.flashc_memset64
                0x00000000      0x248 src/asf/avr32/drivers/flashc/flashc.o
 .text.flashc_memset32
                0x00000000       0x20 src/asf/avr32/drivers/flashc/flashc.o
 .text.flashc_memset16
                0x00000000       0x10 src/asf/avr32/drivers/flashc/flashc.o
 .text.flashc_memset8
                0x00000000       0x14 src/asf/avr32/drivers/flashc/flashc.o
 .text.flashc_memcpy
                0x00000000      0x30c src/asf/avr32/drivers/flashc/flashc.o
 .text.flashc_set_bootloader_protected_size
                0x00000000       0xa4 src/asf/avr32/drivers/flashc/flashc.o
 .data.flashc_wait_until_ready
                0x00000000        0x4 src/asf/avr32/drivers/flashc/flashc.o
 .rodata.FLASH_SIZE.12940
                0x00000000       0x20 src/asf/avr32/drivers/flashc/flashc.o
 .bss.flashc_error_status
                0x00000000        0x4 src/asf/avr32/drivers/flashc/flashc.o
 .text          0x00000000        0x0 src/asf/avr32/drivers/gpio/gpio.o
 .data          0x00000000        0x0 src/asf/avr32/drivers/gpio/gpio.o
 .bss           0x00000000        0x0 src/asf/avr32/drivers/gpio/gpio.o
 .text.gpio_enable_module_pin
                0x00000000       0x4e src/asf/avr32/drivers/gpio/gpio.o
 .text.gpio_enable_module
                0x00000000       0x28 src/asf/avr32/drivers/gpio/gpio.o
 .text.gpio_enable_gpio
                0x00000000       0x26 src/asf/avr32/drivers/gpio/gpio.o
 .text.gpio_enable_gpio_pin
                0x00000000       0x16 src/asf/avr32/drivers/gpio/gpio.o
 .text.gpio_enable_pin_pull_up
                0x00000000       0x14 src/asf/avr32/drivers/gpio/gpio.o
 .text.gpio_disable_pin_pull_up
                0x00000000       0x14 src/asf/avr32/drivers/gpio/gpio.o
 .text.gpio_configure_group
                0x00000000       0x68 src/asf/avr32/drivers/gpio/gpio.o
 .text.gpio_get_gpio_pin_output_value
                0x00000000       0x16 src/asf/avr32/drivers/gpio/gpio.o
 .text.gpio_get_gpio_open_drain_pin_output_value
                0x00000000       0x1a src/asf/avr32/drivers/gpio/gpio.o
 .text.gpio_set_gpio_pin
                0x00000000       0x1a src/asf/avr32/drivers/gpio/gpio.o
 .text.gpio_set_group_high
                0x00000000        0xc src/asf/avr32/drivers/gpio/gpio.o
 .text.gpio_clr_gpio_pin
                0x00000000       0x1a src/asf/avr32/drivers/gpio/gpio.o
 .text.gpio_set_group_low
                0x00000000        0xc src/asf/avr32/drivers/gpio/gpio.o
 .text.gpio_tgl_gpio_pin
                0x00000000       0x1a src/asf/avr32/drivers/gpio/gpio.o
 .text.gpio_toggle_pin
                0x00000000       0x14 src/asf/avr32/drivers/gpio/gpio.o
 .text.gpio_toggle_group
                0x00000000        0xc src/asf/avr32/drivers/gpio/gpio.o
 .text.gpio_set_gpio_open_drain_pin
                0x00000000       0x16 src/asf/avr32/drivers/gpio/gpio.o
 .text.gpio_clr_gpio_open_drain_pin
                0x00000000       0x1a src/asf/avr32/drivers/gpio/gpio.o
 .text.gpio_tgl_gpio_open_drain_pin
                0x00000000       0x1a src/asf/avr32/drivers/gpio/gpio.o
 .text.gpio_enable_pin_glitch_filter
                0x00000000       0x14 src/asf/avr32/drivers/gpio/gpio.o
 .text.gpio_disable_pin_glitch_filter
                0x00000000       0x14 src/asf/avr32/drivers/gpio/gpio.o
 .text.gpio_disable_pin_interrupt
                0x00000000       0x14 src/asf/avr32/drivers/gpio/gpio.o
 .text          0x00000000        0x0 src/asf/avr32/drivers/intc/exception.o
 .data          0x00000000        0x0 src/asf/avr32/drivers/intc/exception.o
 .bss           0x00000000        0x0 src/asf/avr32/drivers/intc/exception.o
 .text          0x00000000        0x0 src/asf/avr32/drivers/intc/intc.o
 .data          0x00000000        0x0 src/asf/avr32/drivers/intc/intc.o
 .bss           0x00000000        0x0 src/asf/avr32/drivers/intc/intc.o
 .text          0x00000000        0x0 src/asf/avr32/drivers/pm/pm.o
 .data          0x00000000        0x0 src/asf/avr32/drivers/pm/pm.o
 .bss           0x00000000        0x0 src/asf/avr32/drivers/pm/pm.o
 .debug_abbrev  0x00000000      0x362 src/asf/avr32/drivers/pm/pm.o
 .debug_info    0x00000000     0x1e96 src/asf/avr32/drivers/pm/pm.o
 .debug_line    0x00000000      0xd2f src/asf/avr32/drivers/pm/pm.o
 .debug_macinfo
                0x00000000   0x113e63 src/asf/avr32/drivers/pm/pm.o
 .text.pm_enable_osc0_ext_clock
                0x00000000        0xc src/asf/avr32/drivers/pm/pm.o
 .text.pm_enable_osc0_crystal
                0x00000000       0x3a src/asf/avr32/drivers/pm/pm.o
 .text.pm_enable_clk0
                0x00000000       0x18 src/asf/avr32/drivers/pm/pm.o
 .text.pm_disable_clk0
                0x00000000        0x8 src/asf/avr32/drivers/pm/pm.o
 .text.pm_enable_clk0_no_wait
                0x00000000       0x10 src/asf/avr32/drivers/pm/pm.o
 .text.pm_wait_for_clk0_ready
                0x00000000        0xa src/asf/avr32/drivers/pm/pm.o
 .text.pm_enable_osc1_ext_clock
                0x00000000        0xc src/asf/avr32/drivers/pm/pm.o
 .text.pm_enable_osc1_crystal
                0x00000000       0x3a src/asf/avr32/drivers/pm/pm.o
 .text.pm_enable_clk1
                0x00000000       0x18 src/asf/avr32/drivers/pm/pm.o
 .text.pm_disable_clk1
                0x00000000        0x8 src/asf/avr32/drivers/pm/pm.o
 .text.pm_enable_clk1_no_wait
                0x00000000       0x10 src/asf/avr32/drivers/pm/pm.o
 .text.pm_wait_for_clk1_ready
                0x00000000        0xa src/asf/avr32/drivers/pm/pm.o
 .text.pm_enable_osc32_ext_clock
                0x00000000        0xc src/asf/avr32/drivers/pm/pm.o
 .text.pm_enable_osc32_crystal
                0x00000000        0xc src/asf/avr32/drivers/pm/pm.o
 .text.pm_enable_clk32
                0x00000000       0x18 src/asf/avr32/drivers/pm/pm.o
 .text.pm_disable_clk32
                0x00000000        0x8 src/asf/avr32/drivers/pm/pm.o
 .text.pm_enable_clk32_no_wait
                0x00000000       0x10 src/asf/avr32/drivers/pm/pm.o
 .text.pm_wait_for_clk32_ready
                0x00000000        0xa src/asf/avr32/drivers/pm/pm.o
 .text.pm_cksel_get
                0x00000000        0x6 src/asf/avr32/drivers/pm/pm.o
 .text.pm_cksel_set
                0x00000000        0xc src/asf/avr32/drivers/pm/pm.o
 .text.pm_cksel
                0x00000000       0x40 src/asf/avr32/drivers/pm/pm.o
 .text.pm_gc_setup
                0x00000000       0x1e src/asf/avr32/drivers/pm/pm.o
 .text.pm_gc_enable
                0x00000000        0xe src/asf/avr32/drivers/pm/pm.o
 .text.pm_gc_disable
                0x00000000        0xe src/asf/avr32/drivers/pm/pm.o
 .text.pm_pll_setup
                0x00000000       0x1e src/asf/avr32/drivers/pm/pm.o
 .text.pm_pll_set_option
                0x00000000       0x18 src/asf/avr32/drivers/pm/pm.o
 .text.pm_pll_get_option
                0x00000000        0xc src/asf/avr32/drivers/pm/pm.o
 .text.pm_pll_enable
                0x00000000        0xe src/asf/avr32/drivers/pm/pm.o
 .text.pm_pll_disable
                0x00000000        0xe src/asf/avr32/drivers/pm/pm.o
 .text.pm_wait_for_pll0_locked
                0x00000000        0xa src/asf/avr32/drivers/pm/pm.o
 .text.pm_wait_for_pll1_locked
                0x00000000        0xa src/asf/avr32/drivers/pm/pm.o
 .text.pm_get_clock
                0x00000000        0x8 src/asf/avr32/drivers/pm/pm.o
 .text.pm_switch_to_clock
                0x00000000        0xa src/asf/avr32/drivers/pm/pm.o
 .text.pm_switch_to_osc0
                0x00000000       0x5a src/asf/avr32/drivers/pm/pm.o
 .text.pm_bod_enable_irq
                0x00000000        0xa src/asf/avr32/drivers/pm/pm.o
 .text.pm_bod_clear_irq
                0x00000000        0xa src/asf/avr32/drivers/pm/pm.o
 .text.pm_bod_get_irq_status
                0x00000000        0x8 src/asf/avr32/drivers/pm/pm.o
 .text.pm_bod_get_irq_enable_bit
                0x00000000        0x8 src/asf/avr32/drivers/pm/pm.o
 .text.pm_bod_get_level
                0x00000000        0xa src/asf/avr32/drivers/pm/pm.o
 .text.pm_read_gplp
                0x00000000        0x8 src/asf/avr32/drivers/pm/pm.o
 .text.pm_write_gplp
                0x00000000        0x8 src/asf/avr32/drivers/pm/pm.o
 .text.pm_enable_module
                0x00000000       0x1a src/asf/avr32/drivers/pm/pm.o
 .text.pm_disable_module
                0x00000000       0x1c src/asf/avr32/drivers/pm/pm.o
 .text.pm_bod_disable_irq
                0x00000000       0x22 src/asf/avr32/drivers/pm/pm.o
 .debug_frame   0x00000000      0x30c src/asf/avr32/drivers/pm/pm.o
 .debug_loc     0x00000000      0x338 src/asf/avr32/drivers/pm/pm.o
 .debug_pubnames
                0x00000000      0x3ee src/asf/avr32/drivers/pm/pm.o
 .debug_aranges
                0x00000000      0x178 src/asf/avr32/drivers/pm/pm.o
 .debug_ranges  0x00000000      0x170 src/asf/avr32/drivers/pm/pm.o
 .debug_str     0x00000000      0x9c9 src/asf/avr32/drivers/pm/pm.o
 .comment       0x00000000       0x31 src/asf/avr32/drivers/pm/pm.o
 .text          0x00000000        0x0 src/asf/avr32/drivers/pm/pm_conf_clocks.o
 .data          0x00000000        0x0 src/asf/avr32/drivers/pm/pm_conf_clocks.o
 .bss           0x00000000        0x0 src/asf/avr32/drivers/pm/pm_conf_clocks.o
 .debug_abbrev  0x00000000      0x185 src/asf/avr32/drivers/pm/pm_conf_clocks.o
 .debug_info    0x00000000     0x105b src/asf/avr32/drivers/pm/pm_conf_clocks.o
 .debug_line    0x00000000      0x7c8 src/asf/avr32/drivers/pm/pm_conf_clocks.o
 .debug_macinfo
                0x00000000   0x113eb5 src/asf/avr32/drivers/pm/pm_conf_clocks.o
 .text.pm_configure_usb_clock
                0x00000000       0x2c src/asf/avr32/drivers/pm/pm_conf_clocks.o
 .text.pm_configure_clocks
                0x00000000      0x1b8 src/asf/avr32/drivers/pm/pm_conf_clocks.o
 .debug_frame   0x00000000       0x7c src/asf/avr32/drivers/pm/pm_conf_clocks.o
 .debug_loc     0x00000000      0x23c src/asf/avr32/drivers/pm/pm_conf_clocks.o
 .debug_pubnames
                0x00000000       0x45 src/asf/avr32/drivers/pm/pm_conf_clocks.o
 .debug_aranges
                0x00000000       0x28 src/asf/avr32/drivers/pm/pm_conf_clocks.o
 .debug_ranges  0x00000000       0x20 src/asf/avr32/drivers/pm/pm_conf_clocks.o
 .debug_str     0x00000000      0x558 src/asf/avr32/drivers/pm/pm_conf_clocks.o
 .comment       0x00000000       0x31 src/asf/avr32/drivers/pm/pm_conf_clocks.o
 .text          0x00000000        0x0 src/asf/avr32/drivers/pm/power_clocks_lib.o
 .data          0x00000000        0x0 src/asf/avr32/drivers/pm/power_clocks_lib.o
 .bss           0x00000000        0x0 src/asf/avr32/drivers/pm/power_clocks_lib.o
 .debug_abbrev  0x00000000      0x1cd src/asf/avr32/drivers/pm/power_clocks_lib.o
 .debug_info    0x00000000     0x1094 src/asf/avr32/drivers/pm/power_clocks_lib.o
 .debug_line    0x00000000      0x6e1 src/asf/avr32/drivers/pm/power_clocks_lib.o
 .debug_macinfo
                0x00000000   0x113f43 src/asf/avr32/drivers/pm/power_clocks_lib.o
 .text.pcl_read_gplp
                0x00000000       0x14 src/asf/avr32/drivers/pm/power_clocks_lib.o
 .text.pcl_write_gplp
                0x00000000       0x14 src/asf/avr32/drivers/pm/power_clocks_lib.o
 .text.pcl_configure_usb_clock
                0x00000000        0xc src/asf/avr32/drivers/pm/power_clocks_lib.o
 .text.pcl_switch_to_osc
                0x00000000       0x20 src/asf/avr32/drivers/pm/power_clocks_lib.o
 .text.pcl_configure_clocks
                0x00000000        0xc src/asf/avr32/drivers/pm/power_clocks_lib.o
 .debug_frame   0x00000000       0x94 src/asf/avr32/drivers/pm/power_clocks_lib.o
 .debug_loc     0x00000000      0x141 src/asf/avr32/drivers/pm/power_clocks_lib.o
 .debug_pubnames
                0x00000000       0x82 src/asf/avr32/drivers/pm/power_clocks_lib.o
 .debug_aranges
                0x00000000       0x40 src/asf/avr32/drivers/pm/power_clocks_lib.o
 .debug_ranges  0x00000000       0x38 src/asf/avr32/drivers/pm/power_clocks_lib.o
 .debug_str     0x00000000      0x565 src/asf/avr32/drivers/pm/power_clocks_lib.o
 .comment       0x00000000       0x31 src/asf/avr32/drivers/pm/power_clocks_lib.o
 .text          0x00000000        0x0 src/asf/avr32/drivers/usbb/usbb_device.o
 .data          0x00000000        0x0 src/asf/avr32/drivers/usbb/usbb_device.o
 .bss           0x00000000        0x0 src/asf/avr32/drivers/usbb/usbb_device.o
 .debug_abbrev  0x00000000      0x460 src/asf/avr32/drivers/usbb/usbb_device.o
 .debug_info    0x00000000     0xd6e1 src/asf/avr32/drivers/usbb/usbb_device.o
 .debug_line    0x00000000     0x1940 src/asf/avr32/drivers/usbb/usbb_device.o
 .debug_macinfo
                0x00000000   0x11f904 src/asf/avr32/drivers/usbb/usbb_device.o
 .text.udd_include_vbus_monitoring
                0x00000000        0x2 src/asf/avr32/drivers/usbb/usbb_device.o
 .text.udd_is_high_speed
                0x00000000        0x2 src/asf/avr32/drivers/usbb/usbb_device.o
 .text.udd_set_address
                0x00000000       0x22 src/asf/avr32/drivers/usbb/usbb_device.o
 .text.udd_getaddress
                0x00000000        0xc src/asf/avr32/drivers/usbb/usbb_device.o
 .text.udd_get_frame_number
                0x00000000        0xc src/asf/avr32/drivers/usbb/usbb_device.o
 .text.udd_get_micro_frame_number
                0x00000000        0xc src/asf/avr32/drivers/usbb/usbb_device.o
 .text.udd_set_setup_payload
                0x00000000        0xc src/asf/avr32/drivers/usbb/usbb_device.o
 .text.udd_ep_is_halted
                0x00000000       0x12 src/asf/avr32/drivers/usbb/usbb_device.o
 .text.udd_ep_set_halt
                0x00000000       0x7c src/asf/avr32/drivers/usbb/usbb_device.o
 .text.udd_ep_clear_halt
                0x00000000       0x78 src/asf/avr32/drivers/usbb/usbb_device.o
 .text.udd_ep_wait_stall_clear
                0x00000000       0x64 src/asf/avr32/drivers/usbb/usbb_device.o
 .text.udd_ep_finish_job
                0x00000000       0x20 src/asf/avr32/drivers/usbb/usbb_device.o
 .text.udd_ep_abort
                0x00000000       0x2c src/asf/avr32/drivers/usbb/usbb_device.o
 .text.udd_ep_free
                0x00000000       0x3c src/asf/avr32/drivers/usbb/usbb_device.o
 .text.udd_ep_run
                0x00000000      0x134 src/asf/avr32/drivers/usbb/usbb_device.o
 .text.udd_sleep_mode
                0x00000000       0x48 src/asf/avr32/drivers/usbb/usbb_device.o
 .text.udd_send_wake_up
                0x00000000       0x34 src/asf/avr32/drivers/usbb/usbb_device.o
 .text.udd_detach
                0x00000000       0x24 src/asf/avr32/drivers/usbb/usbb_device.o
 .text.udd_ctrl_init
                0x00000000       0x34 src/asf/avr32/drivers/usbb/usbb_device.o
 .text.udd_ctrl_in_sent
                0x00000000      0x118 src/asf/avr32/drivers/usbb/usbb_device.o
 .text.udd_ep_alloc
                0x00000000      0x11e src/asf/avr32/drivers/usbb/usbb_device.o
 .text.udd_reset_ep_ctrl
                0x00000000       0x6e src/asf/avr32/drivers/usbb/usbb_device.o
 .text.udd_attach
                0x00000000       0x6c src/asf/avr32/drivers/usbb/usbb_device.o
 .text.udd_disable
                0x00000000       0x50 src/asf/avr32/drivers/usbb/usbb_device.o
 .text.udd_enable
                0x00000000       0xfc src/asf/avr32/drivers/usbb/usbb_device.o
 .text.udd_interrupt
                0x00000000      0x594 src/asf/avr32/drivers/usbb/usbb_device.o
 .bss.udd_ctrl_prev_payload_nb_trans
                0x00000000        0x2 src/asf/avr32/drivers/usbb/usbb_device.o
 .bss.udd_ep_job
                0x00000000       0x30 src/asf/avr32/drivers/usbb/usbb_device.o
 .bss.udd_b_idle
                0x00000000        0x1 src/asf/avr32/drivers/usbb/usbb_device.o
 .bss.udd_ctrl_payload_nb_trans
                0x00000000        0x2 src/asf/avr32/drivers/usbb/usbb_device.o
 .bss.udd_ep_control_state
                0x00000000        0x4 src/asf/avr32/drivers/usbb/usbb_device.o
 .bss.udd_ctrl_payload_need_in_zlp
                0x00000000        0x1 src/asf/avr32/drivers/usbb/usbb_device.o
 .debug_frame   0x00000000      0x2b8 src/asf/avr32/drivers/usbb/usbb_device.o
 .debug_loc     0x00000000      0x662 src/asf/avr32/drivers/usbb/usbb_device.o
 .debug_pubnames
                0x00000000      0x1c1 src/asf/avr32/drivers/usbb/usbb_device.o
 .debug_aranges
                0x00000000       0xe8 src/asf/avr32/drivers/usbb/usbb_device.o
 .debug_ranges  0x00000000      0x290 src/asf/avr32/drivers/usbb/usbb_device.o
 .debug_str     0x00000000     0x3c38 src/asf/avr32/drivers/usbb/usbb_device.o
 .comment       0x00000000       0x31 src/asf/avr32/drivers/usbb/usbb_device.o
 COMMON         0x00000000       0x18 src/asf/avr32/drivers/usbb/usbb_device.o
 .text          0x00000000        0x0 src/asf/avr32/services/delay/delay.o
 .data          0x00000000        0x0 src/asf/avr32/services/delay/delay.o
 .bss           0x00000000        0x0 src/asf/avr32/services/delay/delay.o
 .debug_abbrev  0x00000000      0x180 src/asf/avr32/services/delay/delay.o
 .debug_info    0x00000000      0x273 src/asf/avr32/services/delay/delay.o
 .debug_line    0x00000000      0x6c4 src/asf/avr32/services/delay/delay.o
 .debug_macinfo
                0x00000000   0x113f56 src/asf/avr32/services/delay/delay.o
 .text.delay_init
                0x00000000        0xc src/asf/avr32/services/delay/delay.o
 .text.delay_ms
                0x00000000       0x4c src/asf/avr32/services/delay/delay.o
 .bss.s_fcpu_hz
                0x00000000        0x4 src/asf/avr32/services/delay/delay.o
 .debug_frame   0x00000000       0x38 src/asf/avr32/services/delay/delay.o
 .debug_loc     0x00000000       0x32 src/asf/avr32/services/delay/delay.o
 .debug_pubnames
                0x00000000       0x2e src/asf/avr32/services/delay/delay.o
 .debug_aranges
                0x00000000       0x28 src/asf/avr32/services/delay/delay.o
 .debug_ranges  0x00000000       0x20 src/asf/avr32/services/delay/delay.o
 .debug_str     0x00000000      0x1e2 src/asf/avr32/services/delay/delay.o
 .comment       0x00000000       0x31 src/asf/avr32/services/delay/delay.o
 .text          0x00000000        0x0 src/asf/avr32/utils/startup/startup_uc3.o
 .data          0x00000000        0x0 src/asf/avr32/utils/startup/startup_uc3.o
 .bss           0x00000000        0x0 src/asf/avr32/utils/startup/startup_uc3.o
 .reset         0x00000000        0x8 src/asf/avr32/utils/startup/startup_uc3.o
 .text          0x00000000        0x0 src/asf/avr32/utils/startup/trampoline_uc3.o
 .data          0x00000000        0x0 src/asf/avr32/utils/startup/trampoline_uc3.o
 .bss           0x00000000        0x0 src/asf/avr32/utils/startup/trampoline_uc3.o
 .text          0x00000000        0x0 src/asf/common/services/clock/uc3a3_a4/sysclk.o
 .data          0x00000000        0x0 src/asf/common/services/clock/uc3a3_a4/sysclk.o
 .bss           0x00000000        0x0 src/asf/common/services/clock/uc3a3_a4/sysclk.o
 .text.sysclk_priv_disable_module
                0x00000000       0x2c src/asf/common/services/clock/uc3a3_a4/sysclk.o
 .text.sysclk_disable_pbb_module
                0x00000000       0x44 src/asf/common/services/clock/uc3a3_a4/sysclk.o
 .text.sysclk_disable_usb
                0x00000000       0x24 src/asf/common/services/clock/uc3a3_a4/sysclk.o
 .text.sysclk_priv_enable_module
                0x00000000       0x2a src/asf/common/services/clock/uc3a3_a4/sysclk.o
 .text.sysclk_enable_pbb_module
                0x00000000       0x50 src/asf/common/services/clock/uc3a3_a4/sysclk.o
 .text.sysclk_enable_usb
                0x00000000       0x48 src/asf/common/services/clock/uc3a3_a4/sysclk.o
 .bss.sysclk_bus_refcount
                0x00000000        0x4 src/asf/common/services/clock/uc3a3_a4/sysclk.o
 .text          0x00000000        0x0 src/asf/common/services/sleepmgr/uc3/sleepmgr.o
 .data          0x00000000        0x0 src/asf/common/services/sleepmgr/uc3/sleepmgr.o
 .bss           0x00000000        0x0 src/asf/common/services/sleepmgr/uc3/sleepmgr.o
 .debug_abbrev  0x00000000       0x7d src/asf/common/services/sleepmgr/uc3/sleepmgr.o
 .debug_info    0x00000000       0xf9 src/asf/common/services/sleepmgr/uc3/sleepmgr.o
 .debug_line    0x00000000      0x6bb src/asf/common/services/sleepmgr/uc3/sleepmgr.o
 .debug_macinfo
                0x00000000   0x113eee src/asf/common/services/sleepmgr/uc3/sleepmgr.o
 .debug_pubnames
                0x00000000       0x25 src/asf/common/services/sleepmgr/uc3/sleepmgr.o
 .debug_str     0x00000000      0x1cb src/asf/common/services/sleepmgr/uc3/sleepmgr.o
 .comment       0x00000000       0x31 src/asf/common/services/sleepmgr/uc3/sleepmgr.o
 COMMON         0x00000000        0x7 src/asf/common/services/sleepmgr/uc3/sleepmgr.o
 .text          0x00000000        0x0 src/asf/common/services/usb/class/cdc/device/udi_cdc.o
 .data          0x00000000        0x0 src/asf/common/services/usb/class/cdc/device/udi_cdc.o
 .bss           0x00000000        0x0 src/asf/common/services/usb/class/cdc/device/udi_cdc.o
 .debug_abbrev  0x00000000      0x313 src/asf/common/services/usb/class/cdc/device/udi_cdc.o
 .debug_info    0x00000000      0xb9e src/asf/common/services/usb/class/cdc/device/udi_cdc.o
 .debug_line    0x00000000      0xf90 src/asf/common/services/usb/class/cdc/device/udi_cdc.o
 .debug_macinfo
                0x00000000   0x117473 src/asf/common/services/usb/class/cdc/device/udi_cdc.o
 .text.udi_cdc_data_disable
                0x00000000        0x2 src/asf/common/services/usb/class/cdc/device/udi_cdc.o
 .text.udi_cdc_comm_setup
                0x00000000       0x6c src/asf/common/services/usb/class/cdc/device/udi_cdc.o
 .text.udi_cdc_data_setup
                0x00000000        0x2 src/asf/common/services/usb/class/cdc/device/udi_cdc.o
 .text.udi_cdc_getsetting
                0x00000000        0x2 src/asf/common/services/usb/class/cdc/device/udi_cdc.o
 .text.udi_cdc_line_coding_received
                0x00000000        0x2 src/asf/common/services/usb/class/cdc/device/udi_cdc.o
 .text.udi_cdc_is_rx_ready
                0x00000000       0x24 src/asf/common/services/usb/class/cdc/device/udi_cdc.o
 .text.udi_cdc_is_tx_ready
                0x00000000       0x64 src/asf/common/services/usb/class/cdc/device/udi_cdc.o
 .text.udi_cdc_write_buf
                0x00000000       0x94 src/asf/common/services/usb/class/cdc/device/udi_cdc.o
 .text.udi_cdc_putc
                0x00000000       0x74 src/asf/common/services/usb/class/cdc/device/udi_cdc.o
 .text.udi_cdc_rx_start
                0x00000000       0x78 src/asf/common/services/usb/class/cdc/device/udi_cdc.o
 .text.udi_cdc_read_buf
                0x00000000       0x8c src/asf/common/services/usb/class/cdc/device/udi_cdc.o
 .text.udi_cdc_getc
                0x00000000       0x80 src/asf/common/services/usb/class/cdc/device/udi_cdc.o
 .text.udi_cdc_data_recevied
                0x00000000       0x34 src/asf/common/services/usb/class/cdc/device/udi_cdc.o
 .text.udi_cdc_ctrl_state_change
                0x00000000       0x6c src/asf/common/services/usb/class/cdc/device/udi_cdc.o
 .text.udi_cdc_signal_overrun
                0x00000000       0x14 src/asf/common/services/usb/class/cdc/device/udi_cdc.o
 .text.udi_cdc_signal_parity_error
                0x00000000       0x14 src/asf/common/services/usb/class/cdc/device/udi_cdc.o
 .text.udi_cdc_signal_framing_error
                0x00000000       0x14 src/asf/common/services/usb/class/cdc/device/udi_cdc.o
 .text.udi_cdc_ctrl_signal_dsr
                0x00000000       0x10 src/asf/common/services/usb/class/cdc/device/udi_cdc.o
 .text.udi_cdc_ctrl_signal_dcd
                0x00000000       0x10 src/asf/common/services/usb/class/cdc/device/udi_cdc.o
 .text.udi_cdc_serial_state_msg_sent
                0x00000000       0x50 src/asf/common/services/usb/class/cdc/device/udi_cdc.o
 .text.udi_cdc_tx_send
                0x00000000       0xcc src/asf/common/services/usb/class/cdc/device/udi_cdc.o
 .text.udi_cdc_data_sent
                0x00000000       0x3c src/asf/common/services/usb/class/cdc/device/udi_cdc.o
 .text.udi_cdc_data_sof_notify
                0x00000000        0xc src/asf/common/services/usb/class/cdc/device/udi_cdc.o
 .text.udi_cdc_data_enable
                0x00000000       0x6c src/asf/common/services/usb/class/cdc/device/udi_cdc.o
 .text.udi_cdc_comm_disable
                0x00000000       0x18 src/asf/common/services/usb/class/cdc/device/udi_cdc.o
 .text.udi_cdc_comm_enable
                0x00000000       0x3c src/asf/common/services/usb/class/cdc/device/udi_cdc.o
 .bss.udi_cdc_line_coding
                0x00000000        0x7 src/asf/common/services/usb/class/cdc/device/udi_cdc.o
 .data.udi_api_cdc_data
                0x00000000       0x14 src/asf/common/services/usb/class/cdc/device/udi_cdc.o
 .bss.udi_cdc_tx_buf_sel
                0x00000000        0x1 src/asf/common/services/usb/class/cdc/device/udi_cdc.o
 .bss.udi_cdc_tx_buf_nb
                0x00000000        0x4 src/asf/common/services/usb/class/cdc/device/udi_cdc.o
 .bss.udi_cdc_tx_buf
                0x00000000      0x280 src/asf/common/services/usb/class/cdc/device/udi_cdc.o
 .bss.udi_cdc_rx_buf_nb
                0x00000000        0x4 src/asf/common/services/usb/class/cdc/device/udi_cdc.o
 .bss.udi_cdc_serial_state_msg_ongoing
                0x00000000        0x1 src/asf/common/services/usb/class/cdc/device/udi_cdc.o
 .bss.udi_cdc_rx_pos
                0x00000000        0x2 src/asf/common/services/usb/class/cdc/device/udi_cdc.o
 .bss.udi_cdc_tx_sof_num
                0x00000000        0x2 src/asf/common/services/usb/class/cdc/device/udi_cdc.o
 .data.udi_api_cdc_comm
                0x00000000       0x14 src/asf/common/services/usb/class/cdc/device/udi_cdc.o
 .bss.udi_cdc_rx_buf_sel
                0x00000000        0x1 src/asf/common/services/usb/class/cdc/device/udi_cdc.o
 .bss.udi_cdc_running
                0x00000000        0x1 src/asf/common/services/usb/class/cdc/device/udi_cdc.o
 .bss.udi_cdc_tx_trans_ongoing
                0x00000000        0x1 src/asf/common/services/usb/class/cdc/device/udi_cdc.o
 .data.uid_cdc_state_msg
                0x00000000        0xc src/asf/common/services/usb/class/cdc/device/udi_cdc.o
 .bss.udi_cdc_rx_buf
                0x00000000      0x280 src/asf/common/services/usb/class/cdc/device/udi_cdc.o
 .bss.udi_cdc_rx_trans_ongoing
                0x00000000        0x1 src/asf/common/services/usb/class/cdc/device/udi_cdc.o
 .bss.udi_cdc_tx_both_buf_to_send
                0x00000000        0x1 src/asf/common/services/usb/class/cdc/device/udi_cdc.o
 .bss.udi_cdc_state
                0x00000000        0x2 src/asf/common/services/usb/class/cdc/device/udi_cdc.o
 .debug_frame   0x00000000      0x2e4 src/asf/common/services/usb/class/cdc/device/udi_cdc.o
 .debug_loc     0x00000000      0x4de src/asf/common/services/usb/class/cdc/device/udi_cdc.o
 .debug_pubnames
                0x00000000      0x283 src/asf/common/services/usb/class/cdc/device/udi_cdc.o
 .debug_aranges
                0x00000000       0xe8 src/asf/common/services/usb/class/cdc/device/udi_cdc.o
 .debug_ranges  0x00000000       0xf8 src/asf/common/services/usb/class/cdc/device/udi_cdc.o
 .debug_str     0x00000000      0x821 src/asf/common/services/usb/class/cdc/device/udi_cdc.o
 .comment       0x00000000       0x31 src/asf/common/services/usb/class/cdc/device/udi_cdc.o
 .text          0x00000000        0x0 src/asf/common/services/usb/class/cdc/device/udi_cdc_desc.o
 .data          0x00000000        0x0 src/asf/common/services/usb/class/cdc/device/udi_cdc_desc.o
 .bss           0x00000000        0x0 src/asf/common/services/usb/class/cdc/device/udi_cdc_desc.o
 .debug_abbrev  0x00000000       0xfb src/asf/common/services/usb/class/cdc/device/udi_cdc_desc.o
 .debug_info    0x00000000      0x763 src/asf/common/services/usb/class/cdc/device/udi_cdc_desc.o
 .debug_line    0x00000000      0x7ba src/asf/common/services/usb/class/cdc/device/udi_cdc_desc.o
 .debug_macinfo
                0x00000000   0x1172f7 src/asf/common/services/usb/class/cdc/device/udi_cdc_desc.o
 .data.udc_desc
                0x00000000       0x44 src/asf/common/services/usb/class/cdc/device/udi_cdc_desc.o
 .data.udc_config_fshs
                0x00000000        0x8 src/asf/common/services/usb/class/cdc/device/udi_cdc_desc.o
 .data.udi_apis
                0x00000000        0x8 src/asf/common/services/usb/class/cdc/device/udi_cdc_desc.o
 .data.udc_config
                0x00000000        0x8 src/asf/common/services/usb/class/cdc/device/udi_cdc_desc.o
 .data.udc_device_desc
                0x00000000       0x14 src/asf/common/services/usb/class/cdc/device/udi_cdc_desc.o
 .debug_pubnames
                0x00000000       0x63 src/asf/common/services/usb/class/cdc/device/udi_cdc_desc.o
 .debug_str     0x00000000      0x67e src/asf/common/services/usb/class/cdc/device/udi_cdc_desc.o
 .comment       0x00000000       0x31 src/asf/common/services/usb/class/cdc/device/udi_cdc_desc.o
 .text          0x00000000        0x0 src/asf/common/services/usb/udc/udc.o
 .data          0x00000000        0x0 src/asf/common/services/usb/udc/udc.o
 .bss           0x00000000        0x0 src/asf/common/services/usb/udc/udc.o
 .debug_abbrev  0x00000000      0x2df src/asf/common/services/usb/udc/udc.o
 .debug_info    0x00000000      0xd15 src/asf/common/services/usb/udc/udc.o
 .debug_line    0x00000000      0xc6b src/asf/common/services/usb/udc/udc.o
 .debug_macinfo
                0x00000000   0x11738a src/asf/common/services/usb/udc/udc.o
 .text.udc_get_interface_desc
                0x00000000        0xc src/asf/common/services/usb/udc/udc.o
 .text.udc_update_iface_desc
                0x00000000       0x7c src/asf/common/services/usb/udc/udc.o
 .text.udc_sof_notify
                0x00000000       0x40 src/asf/common/services/usb/udc/udc.o
 .text.udc_valid_address
                0x00000000       0x18 src/asf/common/services/usb/udc/udc.o
 .text.udc_iface_enable
                0x00000000       0x94 src/asf/common/services/usb/udc/udc.o
 .text.udc_iface_disable
                0x00000000       0x8c src/asf/common/services/usb/udc/udc.o
 .text.udc_reset
                0x00000000       0x4c src/asf/common/services/usb/udc/udc.o
 .text.udc_process_setup
                0x00000000      0x3d0 src/asf/common/services/usb/udc/udc.o
 .bss.udc_ep_status.14047
                0x00000000        0x2 src/asf/common/services/usb/udc/udc.o
 .data.udc_string_product_name
                0x00000000        0x4 src/asf/common/services/usb/udc/udc.o
 .bss.udc_ptr_conf
                0x00000000        0x4 src/asf/common/services/usb/udc/udc.o
 .data.udc_string_manufacturer_name
                0x00000000        0xc src/asf/common/services/usb/udc/udc.o
 .data.udc_string_desc
                0x00000000       0x14 src/asf/common/services/usb/udc/udc.o
 .data.udc_string_desc_languageid
                0x00000000        0x4 src/asf/common/services/usb/udc/udc.o
 .bss.udc_iface_setting.14258
                0x00000000        0x1 src/asf/common/services/usb/udc/udc.o
 .bss.udc_device_status
                0x00000000        0x2 src/asf/common/services/usb/udc/udc.o
 .bss.udc_num_configuration
                0x00000000        0x1 src/asf/common/services/usb/udc/udc.o
 .bss.udc_ptr_iface
                0x00000000        0x4 src/asf/common/services/usb/udc/udc.o
 .debug_frame   0x00000000      0x11c src/asf/common/services/usb/udc/udc.o
 .debug_loc     0x00000000      0x3c0 src/asf/common/services/usb/udc/udc.o
 .debug_pubnames
                0x00000000       0x64 src/asf/common/services/usb/udc/udc.o
 .debug_aranges
                0x00000000       0x58 src/asf/common/services/usb/udc/udc.o
 .debug_ranges  0x00000000      0x110 src/asf/common/services/usb/udc/udc.o
 .debug_str     0x00000000      0xb1e src/asf/common/services/usb/udc/udc.o
 .comment       0x00000000       0x31 src/asf/common/services/usb/udc/udc.o
 .text          0x00000000        0x0 src/asf/common/utils/stdio/read.o
 .data          0x00000000        0x0 src/asf/common/utils/stdio/read.o
 .bss           0x00000000        0x0 src/asf/common/utils/stdio/read.o
 .debug_abbrev  0x00000000       0xdc src/asf/common/utils/stdio/read.o
 .debug_info    0x00000000      0x151 src/asf/common/utils/stdio/read.o
 .debug_line    0x00000000      0x664 src/asf/common/utils/stdio/read.o
 .debug_macinfo
                0x00000000   0x113de4 src/asf/common/utils/stdio/read.o
 .text._read    0x00000000       0x48 src/asf/common/utils/stdio/read.o
 .debug_frame   0x00000000       0x44 src/asf/common/utils/stdio/read.o
 .debug_loc     0x00000000       0xa3 src/asf/common/utils/stdio/read.o
 .debug_pubnames
                0x00000000       0x28 src/asf/common/utils/stdio/read.o
 .debug_aranges
                0x00000000       0x20 src/asf/common/utils/stdio/read.o
 .debug_ranges  0x00000000       0x18 src/asf/common/utils/stdio/read.o
 .debug_str     0x00000000      0x13b src/asf/common/utils/stdio/read.o
 .comment       0x00000000       0x31 src/asf/common/utils/stdio/read.o
 COMMON         0x00000000        0x4 src/asf/common/utils/stdio/read.o
 .text          0x00000000        0x0 src/asf/common/utils/stdio/stdio_usb/stdio_usb.o
 .data          0x00000000        0x0 src/asf/common/utils/stdio/stdio_usb/stdio_usb.o
 .bss           0x00000000        0x0 src/asf/common/utils/stdio/stdio_usb/stdio_usb.o
 .debug_abbrev  0x00000000      0x121 src/asf/common/utils/stdio/stdio_usb/stdio_usb.o
 .debug_info    0x00000000      0x263 src/asf/common/utils/stdio/stdio_usb/stdio_usb.o
 .debug_line    0x00000000      0x8bf src/asf/common/utils/stdio/stdio_usb/stdio_usb.o
 .debug_macinfo
                0x00000000   0x1172d7 src/asf/common/utils/stdio/stdio_usb/stdio_usb.o
 .text.stdio_usb_enable
                0x00000000       0x10 src/asf/common/utils/stdio/stdio_usb/stdio_usb.o
 .text.stdio_usb_disable
                0x00000000        0xc src/asf/common/utils/stdio/stdio_usb/stdio_usb.o
 .text.stdio_usb_vbus_event
                0x00000000       0x1c src/asf/common/utils/stdio/stdio_usb/stdio_usb.o
 .text.stdio_usb_init
                0x00000000       0x44 src/asf/common/utils/stdio/stdio_usb/stdio_usb.o
 .text.stdio_usb_getchar
                0x00000000       0x28 src/asf/common/utils/stdio/stdio_usb/stdio_usb.o
 .text.stdio_usb_putchar
                0x00000000       0x24 src/asf/common/utils/stdio/stdio_usb/stdio_usb.o
 .bss.stdio_usb_interface_enable
                0x00000000        0x1 src/asf/common/utils/stdio/stdio_usb/stdio_usb.o
 .debug_frame   0x00000000       0x9c src/asf/common/utils/stdio/stdio_usb/stdio_usb.o
 .debug_loc     0x00000000      0x11a src/asf/common/utils/stdio/stdio_usb/stdio_usb.o
 .debug_pubnames
                0x00000000       0x95 src/asf/common/utils/stdio/stdio_usb/stdio_usb.o
 .debug_aranges
                0x00000000       0x48 src/asf/common/utils/stdio/stdio_usb/stdio_usb.o
 .debug_ranges  0x00000000       0x40 src/asf/common/utils/stdio/stdio_usb/stdio_usb.o
 .debug_str     0x00000000      0x214 src/asf/common/utils/stdio/stdio_usb/stdio_usb.o
 .comment       0x00000000       0x31 src/asf/common/utils/stdio/stdio_usb/stdio_usb.o
 .text          0x00000000        0x0 src/asf/common/utils/stdio/write.o
 .data          0x00000000        0x0 src/asf/common/utils/stdio/write.o
 .bss           0x00000000        0x0 src/asf/common/utils/stdio/write.o
 .debug_abbrev  0x00000000       0xb5 src/asf/common/utils/stdio/write.o
 .debug_info    0x00000000      0x13c src/asf/common/utils/stdio/write.o
 .debug_line    0x00000000      0x659 src/asf/common/utils/stdio/write.o
 .debug_macinfo
                0x00000000   0x113de4 src/asf/common/utils/stdio/write.o
 .text._write   0x00000000       0x38 src/asf/common/utils/stdio/write.o
 .debug_frame   0x00000000       0x40 src/asf/common/utils/stdio/write.o
 .debug_loc     0x00000000       0x6e src/asf/common/utils/stdio/write.o
 .debug_pubnames
                0x00000000       0x38 src/asf/common/utils/stdio/write.o
 .debug_aranges
                0x00000000       0x20 src/asf/common/utils/stdio/write.o
 .debug_ranges  0x00000000       0x18 src/asf/common/utils/stdio/write.o
 .debug_str     0x00000000      0x13d src/asf/common/utils/stdio/write.o
 .comment       0x00000000       0x31 src/asf/common/utils/stdio/write.o
 COMMON         0x00000000        0x8 src/asf/common/utils/stdio/write.o
 .text          0x00000000        0x0 src/busy_delay.o
 .data          0x00000000        0x0 src/busy_delay.o
 .bss           0x00000000        0x0 src/busy_delay.o
 .text.busy_delay_ms
                0x00000000       0x4c src/busy_delay.o
 .text          0x00000000        0x0 src/main.o
 .data          0x00000000        0x0 src/main.o
 .bss           0x00000000        0x0 src/main.o
 .text          0x00000000       0x2c c:/program files (x86)/atmel/studio/7.0/toolchain/avr32/avr32-gnu-toolchain/bin/../lib/gcc/avr32/4.4.7/ucr2\libgcc.a(_lshrdi3.o)
 .data          0x00000000        0x0 c:/program files (x86)/atmel/studio/7.0/toolchain/avr32/avr32-gnu-toolchain/bin/../lib/gcc/avr32/4.4.7/ucr2\libgcc.a(_lshrdi3.o)
 .bss           0x00000000        0x0 c:/program files (x86)/atmel/studio/7.0/toolchain/avr32/avr32-gnu-toolchain/bin/../lib/gcc/avr32/4.4.7/ucr2\libgcc.a(_lshrdi3.o)
 .debug_abbrev  0x00000000       0xfb c:/program files (x86)/atmel/studio/7.0/toolchain/avr32/avr32-gnu-toolchain/bin/../lib/gcc/avr32/4.4.7/ucr2\libgcc.a(_lshrdi3.o)
 .debug_info    0x00000000      0x196 c:/program files (x86)/atmel/studio/7.0/toolchain/avr32/avr32-gnu-toolchain/bin/../lib/gcc/avr32/4.4.7/ucr2\libgcc.a(_lshrdi3.o)
 .debug_line    0x00000000       0xdb c:/program files (x86)/atmel/studio/7.0/toolchain/avr32/avr32-gnu-toolchain/bin/../lib/gcc/avr32/4.4.7/ucr2\libgcc.a(_lshrdi3.o)
 .debug_frame   0x00000000       0x20 c:/program files (x86)/atmel/studio/7.0/toolchain/avr32/avr32-gnu-toolchain/bin/../lib/gcc/avr32/4.4.7/ucr2\libgcc.a(_lshrdi3.o)
 .debug_loc     0x00000000       0x63 c:/program files (x86)/atmel/studio/7.0/toolchain/avr32/avr32-gnu-toolchain/bin/../lib/gcc/avr32/4.4.7/ucr2\libgcc.a(_lshrdi3.o)
 .debug_pubnames
                0x00000000       0x20 c:/program files (x86)/atmel/studio/7.0/toolchain/avr32/avr32-gnu-toolchain/bin/../lib/gcc/avr32/4.4.7/ucr2\libgcc.a(_lshrdi3.o)
 .debug_aranges
                0x00000000       0x20 c:/program files (x86)/atmel/studio/7.0/toolchain/avr32/avr32-gnu-toolchain/bin/../lib/gcc/avr32/4.4.7/ucr2\libgcc.a(_lshrdi3.o)
 .debug_str     0x00000000      0x1ed c:/program files (x86)/atmel/studio/7.0/toolchain/avr32/avr32-gnu-toolchain/bin/../lib/gcc/avr32/4.4.7/ucr2\libgcc.a(_lshrdi3.o)
 .comment       0x00000000       0x31 c:/program files (x86)/atmel/studio/7.0/toolchain/avr32/avr32-gnu-toolchain/bin/../lib/gcc/avr32/4.4.7/ucr2\libgcc.a(_lshrdi3.o)
 .text          0x00000000       0x2a c:/program files (x86)/atmel/studio/7.0/toolchain/avr32/avr32-gnu-toolchain/bin/../lib/gcc/avr32/4.4.7/ucr2\libgcc.a(_ashldi3.o)
 .data          0x00000000        0x0 c:/program files (x86)/atmel/studio/7.0/toolchain/avr32/avr32-gnu-toolchain/bin/../lib/gcc/avr32/4.4.7/ucr2\libgcc.a(_ashldi3.o)
 .bss           0x00000000        0x0 c:/program files (x86)/atmel/studio/7.0/toolchain/avr32/avr32-gnu-toolchain/bin/../lib/gcc/avr32/4.4.7/ucr2\libgcc.a(_ashldi3.o)
 .debug_abbrev  0x00000000       0xfb c:/program files (x86)/atmel/studio/7.0/toolchain/avr32/avr32-gnu-toolchain/bin/../lib/gcc/avr32/4.4.7/ucr2\libgcc.a(_ashldi3.o)
 .debug_info    0x00000000      0x196 c:/program files (x86)/atmel/studio/7.0/toolchain/avr32/avr32-gnu-toolchain/bin/../lib/gcc/avr32/4.4.7/ucr2\libgcc.a(_ashldi3.o)
 .debug_line    0x00000000       0xdb c:/program files (x86)/atmel/studio/7.0/toolchain/avr32/avr32-gnu-toolchain/bin/../lib/gcc/avr32/4.4.7/ucr2\libgcc.a(_ashldi3.o)
 .debug_frame   0x00000000       0x20 c:/program files (x86)/atmel/studio/7.0/toolchain/avr32/avr32-gnu-toolchain/bin/../lib/gcc/avr32/4.4.7/ucr2\libgcc.a(_ashldi3.o)
 .debug_loc     0x00000000       0x6e c:/program files (x86)/atmel/studio/7.0/toolchain/avr32/avr32-gnu-toolchain/bin/../lib/gcc/avr32/4.4.7/ucr2\libgcc.a(_ashldi3.o)
 .debug_pubnames
                0x00000000       0x20 c:/program files (x86)/atmel/studio/7.0/toolchain/avr32/avr32-gnu-toolchain/bin/../lib/gcc/avr32/4.4.7/ucr2\libgcc.a(_ashldi3.o)
 .debug_aranges
                0x00000000       0x20 c:/program files (x86)/atmel/studio/7.0/toolchain/avr32/avr32-gnu-toolchain/bin/../lib/gcc/avr32/4.4.7/ucr2\libgcc.a(_ashldi3.o)
 .debug_str     0x00000000      0x1ed c:/program files (x86)/atmel/studio/7.0/toolchain/avr32/avr32-gnu-toolchain/bin/../lib/gcc/avr32/4.4.7/ucr2\libgcc.a(_ashldi3.o)
 .comment       0x00000000       0x31 c:/program files (x86)/atmel/studio/7.0/toolchain/avr32/avr32-gnu-toolchain/bin/../lib/gcc/avr32/4.4.7/ucr2\libgcc.a(_ashldi3.o)
 .data          0x00000000        0x0 c:/program files (x86)/atmel/studio/7.0/toolchain/avr32/avr32-gnu-toolchain/bin/../lib/gcc/avr32/4.4.7/ucr2\libgcc.a(_udivdi3.o)
 .bss           0x00000000        0x0 c:/program files (x86)/atmel/studio/7.0/toolchain/avr32/avr32-gnu-toolchain/bin/../lib/gcc/avr32/4.4.7/ucr2\libgcc.a(_udivdi3.o)
 .text          0x00000000      0x148 c:/program files (x86)/atmel/studio/7.0/toolchain/avr32/avr32-gnu-toolchain/bin/../lib/gcc/avr32/4.4.7/../../../../avr32/lib/ucr2\libc.a(lib_a-memcpy.o)
 .data          0x00000000        0x0 c:/program files (x86)/atmel/studio/7.0/toolchain/avr32/avr32-gnu-toolchain/bin/../lib/gcc/avr32/4.4.7/../../../../avr32/lib/ucr2\libc.a(lib_a-memcpy.o)
 .bss           0x00000000        0x0 c:/program files (x86)/atmel/studio/7.0/toolchain/avr32/avr32-gnu-toolchain/bin/../lib/gcc/avr32/4.4.7/../../../../avr32/lib/ucr2\libc.a(lib_a-memcpy.o)

Memory Configuration

Name             Origin             Length             Attributes
FLASH            0x80000000         0x00040000         axrl !w
INTRAM           0x00000004         0x0000fffc         axw !rl
HRAM0            0xff000000         0x00008000         axw !rl
HRAM1            0xff008000         0x00008000         axw !rl
USERPAGE         0x80800000         0x00000200
*default*        0x00000000         0xffffffff

Linker script and memory map

                0x00001000                _stack_size = 0x1000
LOAD src/asf/avr32/boards/uc3_a3_xplained/init.o
LOAD src/asf/avr32/boards/uc3_a3_xplained/led.o
LOAD src/asf/avr32/drivers/flashc/flashc.o
LOAD src/asf/avr32/drivers/gpio/gpio.o
LOAD src/asf/avr32/drivers/intc/exception.o
LOAD src/asf/avr32/drivers/intc/intc.o
LOAD src/asf/avr32/drivers/pm/pm.o
LOAD src/asf/avr32/drivers/pm/pm_conf_clocks.o
LOAD src/asf/avr32/drivers/pm/power_clocks_lib.o
LOAD src/asf/avr32/drivers/usbb/usbb_device.o
LOAD src/asf/avr32/services/delay/delay.o
LOAD src/asf/avr32/utils/startup/startup_uc3.o
LOAD src/asf/avr32/utils/startup/trampoline_uc3.o
LOAD src/asf/common/services/clock/uc3a3_a4/sysclk.o
LOAD src/asf/common/services/sleepmgr/uc3/sleepmgr.o
LOAD src/asf/common/services/usb/class/cdc/device/udi_cdc.o
LOAD src/asf/common/services/usb/class/cdc/device/udi_cdc_desc.o
LOAD src/asf/common/services/usb/udc/udc.o
LOAD src/asf/common/utils/stdio/read.o
LOAD src/asf/common/utils/stdio/stdio_usb/stdio_usb.o
LOAD src/asf/common/utils/stdio/write.o
LOAD src/busy_delay.o
LOAD src/main.o
START GROUP
LOAD c:/program files (x86)/atmel/studio/7.0/toolchain/avr32/avr32-gnu-toolchain/bin/../lib/gcc/avr32/4.4.7/../../../../avr32/lib/ucr2\libm.a
END GROUP
LOAD c:/program files (x86)/atmel/studio/7.0/toolchain/avr32/avr32-gnu-toolchain/bin/../lib/gcc/avr32/4.4.7/ucr2\libgcc.a
LOAD c:/program files (x86)/atmel/studio/7.0/toolchain/avr32/avr32-gnu-toolchain/bin/../lib/gcc/avr32/4.4.7/../../../../avr32/lib/ucr2\libc.a
LOAD c:/program files (x86)/atmel/studio/7.0/toolchain/avr32/avr32-gnu-toolchain/bin/../lib/gcc/avr32/4.4.7/ucr2\libgcc.a
                0xffffffff                __max_heap_size__ = 0xffffffff
                [0xffffffff]                __heap_size__ = DEFINED (__heap_size__)?__heap_size__:__max_heap_size__
                [0x00001000]                __stack_size__ = DEFINED (__stack_size__)?__stack_size__:0x1000
                0x80000000                PROVIDE (__executable_start, 0x80000000)
                0x80000000                . = 0x80000000

.interp
 *(.interp)

.reset          0x80000000     0x2004
 *(.reset)
 .reset         0x80000000     0x2004 src/asf/avr32/utils/startup/trampoline_uc3.o
                               0x2008 (size before relaxing)
                0x80000000                _trampoline

.hash
 *(.hash)

.dynsym
 *(.dynsym)

.dynstr
 *(.dynstr)

.gnu.version
 *(.gnu.version)

.gnu.version_d
 *(.gnu.version_d)

.gnu.version_r
 *(.gnu.version_r)

.rel.init
 *(.rel.init)

.rela.init
 *(.rela.init)

.rel.text
 *(.rel.text .rel.text.* .rel.gnu.linkonce.t.*)

.rela.text
 *(.rela.text .rela.text.* .rela.gnu.linkonce.t.*)

.rel.fini
 *(.rel.fini)

.rela.fini
 *(.rela.fini)

.rel.rodata
 *(.rel.rodata .rel.rodata.* .rel.gnu.linkonce.r.*)

.rela.rodata
 *(.rela.rodata .rela.rodata.* .rela.gnu.linkonce.r.*)

.rel.data.rel.ro
 *(.rel.data.rel.ro*)

.rela.data.rel.ro
 *(.rel.data.rel.ro*)

.rel.data
 *(.rel.data .rel.data.* .rel.gnu.linkonce.d.*)

.rela.data
 *(.rela.data .rela.data.* .rela.gnu.linkonce.d.*)

.rel.tdata
 *(.rel.tdata .rel.tdata.* .rel.gnu.linkonce.td.*)

.rela.tdata
 *(.rela.tdata .rela.tdata.* .rela.gnu.linkonce.td.*)

.rel.tbss
 *(.rel.tbss .rel.tbss.* .rel.gnu.linkonce.tb.*)

.rela.tbss
 *(.rela.tbss .rela.tbss.* .rela.gnu.linkonce.tb.*)

.rel.ctors
 *(.rel.ctors)

.rela.ctors
 *(.rela.ctors)

.rel.dtors
 *(.rel.dtors)

.rela.dtors
 *(.rela.dtors)

.rel.got
 *(.rel.got)

.rela.got       0x80002004        0x0
 *(.rela.got)
 .rela.got      0x80002004        0x0 src/asf/avr32/drivers/flashc/flashc.o

.rel.bss
 *(.rel.bss .rel.bss.* .rel.gnu.linkonce.b.*)

.rela.bss
 *(.rela.bss .rela.bss.* .rela.gnu.linkonce.b.*)

.rel.plt
 *(.rel.plt)

.rela.plt
 *(.rela.plt)

.init
 *(.init)

.plt
 *(.plt)

.text           0x80002004      0x6e4
 *(.text .stub .text.* .gnu.linkonce.t.*)
 .text.board_init
                0x80002004       0x24 src/asf/avr32/boards/uc3_a3_xplained/init.o
                                 0x30 (size before relaxing)
                0x80002004                board_init
 .text.flashc_set_bus_freq
                0x80002028       0x28 src/asf/avr32/drivers/flashc/flashc.o
                0x80002028                flashc_set_bus_freq
 .text.gpio_configure_pin
                0x80002050       0xbe src/asf/avr32/drivers/gpio/gpio.o
                0x80002050                gpio_configure_pin
 .text.gpio_get_pin_value
                0x8000210e       0x16 src/asf/avr32/drivers/gpio/gpio.o
                0x8000210e                gpio_get_pin_value
 .text.gpio_set_pin_high
                0x80002124       0x14 src/asf/avr32/drivers/gpio/gpio.o
                0x80002124                gpio_set_pin_high
 .text.gpio_set_pin_low
                0x80002138       0x14 src/asf/avr32/drivers/gpio/gpio.o
                0x80002138                gpio_set_pin_low
 .text.gpio_enable_pin_interrupt
                0x8000214c       0x42 src/asf/avr32/drivers/gpio/gpio.o
                0x8000214c                gpio_enable_pin_interrupt
 .text.gpio_get_pin_interrupt_flag
                0x8000218e       0x18 src/asf/avr32/drivers/gpio/gpio.o
                0x8000218e                gpio_get_pin_interrupt_flag
 .text.gpio_clear_pin_interrupt_flag
                0x800021a6       0x14 src/asf/avr32/drivers/gpio/gpio.o
                0x800021a6                gpio_clear_pin_interrupt_flag
 .text._unhandled_interrupt
                0x800021ba        0x2 src/asf/avr32/drivers/intc/intc.o
 .text.INTC_register_interrupt
                0x800021bc       0x2c src/asf/avr32/drivers/intc/intc.o
                                 0x30 (size before relaxing)
                0x800021bc                INTC_register_interrupt
 .text.INTC_init_interrupts
                0x800021e8       0x44 src/asf/avr32/drivers/intc/intc.o
                                 0x4c (size before relaxing)
                0x800021e8                INTC_init_interrupts
 .text._get_interrupt_handler
                0x8000222c       0x38 src/asf/avr32/drivers/intc/intc.o
                0x8000222c                _get_interrupt_handler
 .text._stext   0x80002264       0x4c src/asf/avr32/utils/startup/startup_uc3.o
                                 0x50 (size before relaxing)
                0x80002264                _stext
 .text.sysclk_init
                0x800022b0       0x60 src/asf/common/services/clock/uc3a3_a4/sysclk.o
                                 0x68 (size before relaxing)
                0x800022b0                sysclk_init
 .text.busy_delay_init
                0x80002310        0xc src/busy_delay.o
                0x80002310                busy_delay_init
 .text.busy_delay_us
                0x8000231c       0x48 src/busy_delay.o
                                 0x4c (size before relaxing)
                0x8000231c                busy_delay_us
 .text.check_interrupt_flags
                0x80002364       0x74 src/main.o
                                 0x98 (size before relaxing)
                0x80002364                check_interrupt_flags
 .text.init     0x800023d8       0x58 src/main.o
                                 0x94 (size before relaxing)
                0x800023d8                init
 .text.main     0x80002430        0xc src/main.o
                                 0x20 (size before relaxing)
                0x80002430                main
 .text.interrupt_J3_d
                0x8000243c       0x48 src/main.o
                                 0x5c (size before relaxing)
 .text          0x80002484      0x264 c:/program files (x86)/atmel/studio/7.0/toolchain/avr32/avr32-gnu-toolchain/bin/../lib/gcc/avr32/4.4.7/ucr2\libgcc.a(_udivdi3.o)
                0x80002484                __avr32_udiv64
                0x80002484                __udivdi3
 *(.text.*personality*)
 *(.gnu.warning)

.exception      0x80002800      0x200
 .exception     0x80002800      0x200 src/asf/avr32/drivers/intc/exception.o
                0x80002800                _evba
                0x8000293c                ipr_val

.fini
 *(.fini)
                0x80002a00                PROVIDE (__etext, .)
                0x80002a00                PROVIDE (_etext, .)
                0x80002a00                PROVIDE (etext, .)

.rodata         0x80002a00       0xf0
 *(.rodata .rodata.* .gnu.linkonce.r.*)
 .rodata._int_handler_table
                0x80002a00       0xf0 src/asf/avr32/drivers/intc/intc.o

.rodata1
 *(.rodata1)

.eh_frame_hdr
 *(.eh_frame_hdr)

.eh_frame
 *(.eh_frame)

.gcc_except_table
 *(.gcc_except_table)
 *(.gcc_except_table.*)

.lalign         0x80002af0        0x0
                0x80002af0                . = ALIGN (0x8)
                0x80002af0                PROVIDE (_data_lma, .)
                0x00000004                . = ORIGIN (INTRAM)

.dalign         0x00000004        0x4
                0x00000008                . = ALIGN (0x8)
 *fill*         0x00000004        0x4 
                0x00000008                PROVIDE (_data, .)

.eh_frame
 *(.eh_frame)

.gcc_except_table
 *(.gcc_except_table)
 *(.gcc_except_table.*)

.tdata
 *(.tdata .tdata.* .gnu.linkonce.td.*)

.tbss
 *(.tbss .tbss.* .gnu.linkonce.tb.*)
 *(.tcommon)
                0x00000008                PROVIDE (__preinit_array_start, ALIGN (0x4))

.preinit_array
 *(.preinit_array)
                0x00000008                PROVIDE (__preinit_array_end, .)
                0x00000008                PROVIDE (__init_array_start, .)

.init_array
 *(.init_array)
                0x00000008                PROVIDE (__init_array_end, .)
                0x00000008                PROVIDE (__fini_array_start, .)

.fini_array
 *(.fini_array)
                0x00000008                PROVIDE (__fini_array_end, .)

.ctors
 *crtbegin*.o(.ctors)
 *(EXCLUDE_FILE(*crtend*.o) .ctors)
 *(SORT(.ctors.*))
 *(.ctors)

.dtors
 *crtbegin*.o(.dtors)
 *(EXCLUDE_FILE(*crtend*.o) .dtors)
 *(SORT(.dtors.*))
 *(.dtors)

.jcr
 *(.jcr)

.data.rel.ro
 *(.data.rel.ro.local)
 *(.data.rel.ro*)

.dynamic
 *(.dynamic)

.got
 *(.got.plt)
 *(.got)

.ramtext
 *(.ramtext .ramtext.*)

.ddalign        0x00000008        0x0 load address 0x80002af0
                0x00000008                . = ALIGN (0x8)

.data
 *(.data .data.* .gnu.linkonce.d.*)
 *(.gnu.linkonce.d.*personality*)

.data1
 *(.data1)

.balign         0x00000008        0x0 load address 0x80002af0
                0x00000008                . = ALIGN (0x8)
                0x00000008                PROVIDE (_edata, .)
                0x00000008                PROVIDE (edata, .)
                0x00000008                __bss_start = .

.bss            0x00000008      0x118
 *(.dynbss)
 *(.bss .bss.* .gnu.linkonce.b.*)
 .bss._int_line_handler_table_0
                0x00000008        0x4 src/asf/avr32/drivers/intc/intc.o
 .bss._int_line_handler_table_1
                0x0000000c       0x28 src/asf/avr32/drivers/intc/intc.o
 .bss._int_line_handler_table_2
                0x00000034       0x38 src/asf/avr32/drivers/intc/intc.o
 .bss._int_line_handler_table_21
                0x0000006c        0x4 src/asf/avr32/drivers/intc/intc.o
 .bss._int_line_handler_table_22
                0x00000070       0x14 src/asf/avr32/drivers/intc/intc.o
 .bss._int_line_handler_table_23
                0x00000084        0x4 src/asf/avr32/drivers/intc/intc.o
 .bss._int_line_handler_table_16
                0x00000088        0xc src/asf/avr32/drivers/intc/intc.o
 .bss._int_line_handler_table_10
                0x00000094        0x4 src/asf/avr32/drivers/intc/intc.o
 .bss._int_line_handler_table_11
                0x00000098        0x4 src/asf/avr32/drivers/intc/intc.o
 .bss._int_line_handler_table_12
                0x0000009c        0x4 src/asf/avr32/drivers/intc/intc.o
 .bss._int_line_handler_table_13
                0x000000a0        0x4 src/asf/avr32/drivers/intc/intc.o
 .bss._int_line_handler_table_14
                0x000000a4        0xc src/asf/avr32/drivers/intc/intc.o
 .bss._int_line_handler_table_15
                0x000000b0        0x4 src/asf/avr32/drivers/intc/intc.o
 .bss._int_line_handler_table_20
                0x000000b4        0x4 src/asf/avr32/drivers/intc/intc.o
 .bss._int_line_handler_table_17
                0x000000b8        0x4 src/asf/avr32/drivers/intc/intc.o
 .bss._int_line_handler_table_18
                0x000000bc        0x4 src/asf/avr32/drivers/intc/intc.o
 .bss._int_line_handler_table_19
                0x000000c0        0x4 src/asf/avr32/drivers/intc/intc.o
 .bss._int_line_handler_table_3
                0x000000c4       0x20 src/asf/avr32/drivers/intc/intc.o
 .bss._int_line_handler_table_4
                0x000000e4        0x4 src/asf/avr32/drivers/intc/intc.o
 .bss._int_line_handler_table_5
                0x000000e8        0x4 src/asf/avr32/drivers/intc/intc.o
 .bss._int_line_handler_table_6
                0x000000ec        0x4 src/asf/avr32/drivers/intc/intc.o
 .bss._int_line_handler_table_7
                0x000000f0        0x4 src/asf/avr32/drivers/intc/intc.o
 .bss._int_line_handler_table_8
                0x000000f4        0x4 src/asf/avr32/drivers/intc/intc.o
 .bss._int_line_handler_table_9
                0x000000f8        0x4 src/asf/avr32/drivers/intc/intc.o
 .bss._int_line_handler_table_24
                0x000000fc        0x4 src/asf/avr32/drivers/intc/intc.o
 .bss._int_line_handler_table_26
                0x00000100        0x4 src/asf/avr32/drivers/intc/intc.o
 .bss._int_line_handler_table_25
                0x00000104        0x4 src/asf/avr32/drivers/intc/intc.o
 .bss._int_line_handler_table_27
                0x00000108        0x4 src/asf/avr32/drivers/intc/intc.o
 .bss._int_line_handler_table_28
                0x0000010c        0x4 src/asf/avr32/drivers/intc/intc.o
 .bss._int_line_handler_table_29
                0x00000110        0x4 src/asf/avr32/drivers/intc/intc.o
 .bss.s_fcpu_hz
                0x00000114        0x4 src/busy_delay.o
 .bss.interrupt_flags
                0x00000118        0x1 src/main.o
                0x00000118                interrupt_flags
 *(COMMON)
                0x00000120                . = ALIGN (0x8)
 *fill*         0x00000119        0x7 
                0x00000120                . = ALIGN (0x8)
                0x00000120                _end = .
                0x00000120                PROVIDE (end, .)
                0x00000120                __heap_start__ = ALIGN (0x8)

.heap           0x00000120     0xeee0
 *(.heap)
                0x0000eee0                . = (__heap_size__ == __max_heap_size__)?(((ORIGIN (INTRAM) + 0xfffc) - __stack_size__) - ABSOLUTE (.)):__heap_size__
 *fill*         0x00000120     0xeee0 
                0x0000f000                __heap_end__ = .

.stab
 *(.stab)

.stabstr
 *(.stabstr)

.stab.excl
 *(.stab.excl)

.stab.exclstr
 *(.stab.exclstr)

.stab.index
 *(.stab.index)

.stab.indexstr
 *(.stab.indexstr)

.comment        0x00000000       0x30
 *(.comment)
 .comment       0x00000000       0x30 src/asf/avr32/boards/uc3_a3_xplained/init.o
                                 0x31 (size before relaxing)
 .comment       0x00000000       0x31 src/asf/avr32/drivers/flashc/flashc.o
 .comment       0x00000000       0x31 src/asf/avr32/drivers/gpio/gpio.o
 .comment       0x00000000       0x31 src/asf/avr32/drivers/intc/intc.o
 .comment       0x00000000       0x31 src/asf/common/services/clock/uc3a3_a4/sysclk.o
 .comment       0x00000000       0x31 src/busy_delay.o
 .comment       0x00000000       0x31 src/main.o
 .comment       0x00000000       0x31 c:/program files (x86)/atmel/studio/7.0/toolchain/avr32/avr32-gnu-toolchain/bin/../lib/gcc/avr32/4.4.7/ucr2\libgcc.a(_udivdi3.o)

.debug
 *(.debug)

.line
 *(.line)

.debug_srcinfo
 *(.debug_srcinfo)

.debug_sfnames
 *(.debug_sfnames)

.debug_aranges  0x00000000      0x448
 *(.debug_aranges)
 .debug_aranges
                0x00000000       0x20 src/asf/avr32/boards/uc3_a3_xplained/init.o
 .debug_aranges
                0x00000020      0x218 src/asf/avr32/drivers/flashc/flashc.o
 .debug_aranges
                0x00000238      0x100 src/asf/avr32/drivers/gpio/gpio.o
 .debug_aranges
                0x00000338       0x38 src/asf/avr32/drivers/intc/intc.o
 .debug_aranges
                0x00000370       0x50 src/asf/common/services/clock/uc3a3_a4/sysclk.o
 .debug_aranges
                0x000003c0       0x30 src/busy_delay.o
 .debug_aranges
                0x000003f0       0x38 src/main.o
 .debug_aranges
                0x00000428       0x20 c:/program files (x86)/atmel/studio/7.0/toolchain/avr32/avr32-gnu-toolchain/bin/../lib/gcc/avr32/4.4.7/ucr2\libgcc.a(_udivdi3.o)

.debug_pubnames
                0x00000000      0xca7
 *(.debug_pubnames)
 .debug_pubnames
                0x00000000       0x21 src/asf/avr32/boards/uc3_a3_xplained/init.o
 .debug_pubnames
                0x00000021      0x771 src/asf/avr32/drivers/flashc/flashc.o
 .debug_pubnames
                0x00000792      0x330 src/asf/avr32/drivers/gpio/gpio.o
 .debug_pubnames
                0x00000ac2       0x62 src/asf/avr32/drivers/intc/intc.o
 .debug_pubnames
                0x00000b24       0xc7 src/asf/common/services/clock/uc3a3_a4/sysclk.o
 .debug_pubnames
                0x00000beb       0x4a src/busy_delay.o
 .debug_pubnames
                0x00000c35       0x52 src/main.o
 .debug_pubnames
                0x00000c87       0x20 c:/program files (x86)/atmel/studio/7.0/toolchain/avr32/avr32-gnu-toolchain/bin/../lib/gcc/avr32/4.4.7/ucr2\libgcc.a(_udivdi3.o)

.debug_info     0x00000000     0x53f0
 *(.debug_info .gnu.linkonce.wi.*)
 .debug_info    0x00000000       0xa8 src/asf/avr32/boards/uc3_a3_xplained/init.o
 .debug_info    0x000000a8     0x2148 src/asf/avr32/drivers/flashc/flashc.o
 .debug_info    0x000021f0      0xb50 src/asf/avr32/drivers/gpio/gpio.o
 .debug_info    0x00002d40      0x68b src/asf/avr32/drivers/intc/intc.o
 .debug_info    0x000033cb     0x1623 src/asf/common/services/clock/uc3a3_a4/sysclk.o
 .debug_info    0x000049ee      0x382 src/busy_delay.o
 .debug_info    0x00004d70      0x105 src/main.o
 .debug_info    0x00004e75      0x57b c:/program files (x86)/atmel/studio/7.0/toolchain/avr32/avr32-gnu-toolchain/bin/../lib/gcc/avr32/4.4.7/ucr2\libgcc.a(_udivdi3.o)

.debug_abbrev   0x00000000      0xff5
 *(.debug_abbrev)
 .debug_abbrev  0x00000000       0x4c src/asf/avr32/boards/uc3_a3_xplained/init.o
 .debug_abbrev  0x0000004c      0x49a src/asf/avr32/drivers/flashc/flashc.o
 .debug_abbrev  0x000004e6      0x2e9 src/asf/avr32/drivers/gpio/gpio.o
 .debug_abbrev  0x000007cf      0x1e5 src/asf/avr32/drivers/intc/intc.o
 .debug_abbrev  0x000009b4      0x2d5 src/asf/common/services/clock/uc3a3_a4/sysclk.o
 .debug_abbrev  0x00000c89      0x180 src/busy_delay.o
 .debug_abbrev  0x00000e09       0x92 src/main.o
 .debug_abbrev  0x00000e9b      0x15a c:/program files (x86)/atmel/studio/7.0/toolchain/avr32/avr32-gnu-toolchain/bin/../lib/gcc/avr32/4.4.7/ucr2\libgcc.a(_udivdi3.o)

.debug_line     0x00000000     0x4ece
 *(.debug_line)
 .debug_line    0x00000000      0x6e3 src/asf/avr32/boards/uc3_a3_xplained/init.o
 .debug_line    0x000006e3     0x168f src/asf/avr32/drivers/flashc/flashc.o
 .debug_line    0x00001d72      0xc69 src/asf/avr32/drivers/gpio/gpio.o
 .debug_line    0x000029db      0x6bb src/asf/avr32/drivers/intc/intc.o
 .debug_line    0x00003096      0xa61 src/asf/common/services/clock/uc3a3_a4/sysclk.o
 .debug_line    0x00003af7      0x70b src/busy_delay.o
 .debug_line    0x00004202      0xaf7 src/main.o
 .debug_line    0x00004cf9      0x1d5 c:/program files (x86)/atmel/studio/7.0/toolchain/avr32/avr32-gnu-toolchain/bin/../lib/gcc/avr32/4.4.7/ucr2\libgcc.a(_udivdi3.o)

.debug_frame    0x00000000      0xb70
 *(.debug_frame)
 .debug_frame   0x00000000       0x28 src/asf/avr32/boards/uc3_a3_xplained/init.o
 .debug_frame   0x00000028      0x718 src/asf/avr32/drivers/flashc/flashc.o
 .debug_frame   0x00000740      0x1fc src/asf/avr32/drivers/gpio/gpio.o
 .debug_frame   0x0000093c       0x64 src/asf/avr32/drivers/intc/intc.o
 .debug_frame   0x000009a0       0xcc src/asf/common/services/clock/uc3a3_a4/sysclk.o
 .debug_frame   0x00000a6c       0x50 src/busy_delay.o
 .debug_frame   0x00000abc       0x70 src/main.o
 .debug_frame   0x00000b2c       0x44 c:/program files (x86)/atmel/studio/7.0/toolchain/avr32/avr32-gnu-toolchain/bin/../lib/gcc/avr32/4.4.7/ucr2\libgcc.a(_udivdi3.o)

.debug_str      0x00000000     0x1c95
 *(.debug_str)
 .debug_str     0x00000000       0xe5 src/asf/avr32/boards/uc3_a3_xplained/init.o
                                0x12b (size before relaxing)
 .debug_str     0x000000e5      0xa95 src/asf/avr32/drivers/flashc/flashc.o
                                0xc35 (size before relaxing)
 .debug_str     0x00000b7a      0x41c src/asf/avr32/drivers/gpio/gpio.o
                                0x537 (size before relaxing)
 .debug_str     0x00000f96      0x47b src/asf/avr32/drivers/intc/intc.o
                                0x580 (size before relaxing)
 .debug_str     0x00001411      0x606 src/asf/common/services/clock/uc3a3_a4/sysclk.o
                                0x744 (size before relaxing)
 .debug_str     0x00001a17       0xf4 src/busy_delay.o
                                0x1ff (size before relaxing)
 .debug_str     0x00001b0b       0x38 src/main.o
                                0x146 (size before relaxing)
 .debug_str     0x00001b43      0x152 c:/program files (x86)/atmel/studio/7.0/toolchain/avr32/avr32-gnu-toolchain/bin/../lib/gcc/avr32/4.4.7/ucr2\libgcc.a(_udivdi3.o)
                                0x207 (size before relaxing)

.debug_loc      0x00000000     0x1e7b
 *(.debug_loc)
 .debug_loc     0x00000000       0x1f src/asf/avr32/boards/uc3_a3_xplained/init.o
 .debug_loc     0x0000001f     0x10c4 src/asf/avr32/drivers/flashc/flashc.o
 .debug_loc     0x000010e3      0x36b src/asf/avr32/drivers/gpio/gpio.o
 .debug_loc     0x0000144e       0x7e src/asf/avr32/drivers/intc/intc.o
 .debug_loc     0x000014cc      0x172 src/asf/common/services/clock/uc3a3_a4/sysclk.o
 .debug_loc     0x0000163e       0x64 src/busy_delay.o
 .debug_loc     0x000016a2       0x7c src/main.o
 .debug_loc     0x0000171e      0x75d c:/program files (x86)/atmel/studio/7.0/toolchain/avr32/avr32-gnu-toolchain/bin/../lib/gcc/avr32/4.4.7/ucr2\libgcc.a(_udivdi3.o)

.debug_macinfo  0x00000000   0x793412
 *(.debug_macinfo)
 .debug_macinfo
                0x00000000   0x1147e6 src/asf/avr32/boards/uc3_a3_xplained/init.o
 .debug_macinfo
                0x001147e6   0x113f1a src/asf/avr32/drivers/flashc/flashc.o
 .debug_macinfo
                0x00228700   0x114077 src/asf/avr32/drivers/gpio/gpio.o
 .debug_macinfo
                0x0033c777   0x113f29 src/asf/avr32/drivers/intc/intc.o
 .debug_macinfo
                0x004506a0   0x115bb0 src/asf/common/services/clock/uc3a3_a4/sysclk.o
 .debug_macinfo
                0x00566250   0x113f56 src/busy_delay.o
 .debug_macinfo
                0x0067a1a6   0x11926c src/main.o

.debug_weaknames
 *(.debug_weaknames)

.debug_funcnames
 *(.debug_funcnames)

.debug_typenames
 *(.debug_typenames)

.debug_varnames
 *(.debug_varnames)

.stack          0x0000f000     0x1000
                0x0000f000                _stack = .
 *(.stack)
                0x00001000                . = __stack_size__
 *fill*         0x0000f000     0x1000 
                0x00010000                _estack = .
                0xff000000                . = ORIGIN (HRAM0)

.data_hram0     0xff000000        0x0 load address 0x80002af0
                0xff000000                PROVIDE (_data_hram0, .)
 *(.data_hram0)
                0xff000000                . = ALIGN (0x8)
                0xff000000                PROVIDE (_edata_hram0, .)
                0x80002af0                PROVIDE (_data_hram0_lma, ABSOLUTE (LOADADDR (.data_hram0)))
                0xff000000                . = ALIGN (0x8)

.bss_hram0      0xff000000        0x0
                0xff000000                PROVIDE (__bss_hram0_start, .)
 *(.bss_hram0)
                0xff000000                PROVIDE (_bss_hram0_end, .)
                0xff008000                . = ORIGIN (HRAM1)

.data_hram1     0xff008000        0x0 load address 0x80002af0
                0xff008000                PROVIDE (_data_hram1, .)
 *(.data_hram1)
                0xff008000                . = ALIGN (0x8)
                0xff008000                PROVIDE (_edata_hram1, .)
                0x80002af0                PROVIDE (_data_hram1_lma, ABSOLUTE (LOADADDR (.data_hram1)))
                0xff008000                . = ALIGN (0x8)

.bss_hram1      0xff008000        0x0
                0xff008000                PROVIDE (__bss_hram1_start, .)
 *(.bss_hram1)
                0xff008000                PROVIDE (_bss_hram1_end, .)

.userpage
 *(.userpage .userpage.*)

/DISCARD/
 *(.note.GNU-stack)
OUTPUT(AVR32 Template.elf elf32-avr32)

.debug_ranges   0x00000000      0x708
 .debug_ranges  0x00000000       0x18 src/asf/avr32/boards/uc3_a3_xplained/init.o
 .debug_ranges  0x00000018      0x450 src/asf/avr32/drivers/flashc/flashc.o
 .debug_ranges  0x00000468      0x128 src/asf/avr32/drivers/gpio/gpio.o
 .debug_ranges  0x00000590       0x30 src/asf/avr32/drivers/intc/intc.o
 .debug_ranges  0x000005c0       0x78 src/asf/common/services/clock/uc3a3_a4/sysclk.o
 .debug_ranges  0x00000638       0x28 src/busy_delay.o
 .debug_ranges  0x00000660       0x30 src/main.o
 .debug_ranges  0x00000690       0x78 c:/program files (x86)/atmel/studio/7.0/toolchain/avr32/avr32-gnu-toolchain/bin/../lib/gcc/avr32/4.4.7/ucr2\libgcc.a(_udivdi3.o)
